Collecting transformers==4.51.3
  Downloading transformers-4.51.3-py3-none-any.whl.metadata (38 kB)
Collecting tokenizers==0.21.1
  Downloading tokenizers-0.21.1-cp39-abi3-manylinux_2_17_x86_64.manylinux2014_x86_64.whl.metadata (6.8 kB)
Collecting peft==0.15.2
  Downloading peft-0.15.2-py3-none-any.whl.metadata (13 kB)
Collecting accelerate==1.10.1
  Downloading accelerate-1.10.1-py3-none-any.whl.metadata (19 kB)
Collecting bitsandbytes==0.48.2
  Downloading bitsandbytes-0.48.2-py3-none-manylinux_2_24_x86_64.whl.metadata (10 kB)
Collecting safetensors==0.5.3
  Downloading safetensors-0.5.3-cp38-abi3-manylinux_2_17_x86_64.manylinux2014_x86_64.whl.metadata (3.8 kB)
Collecting huggingface-hub==0.30.2
  Downloading huggingface_hub-0.30.2-py3-none-any.whl.metadata (13 kB)
Collecting numpy==2.0.2
  Downloading numpy-2.0.2-cp312-cp312-manylinux_2_17_x86_64.manylinux2014_x86_64.whl.metadata (60 kB)
     ━━━━━━━━━━━━━━━━━━━━━━━━━━━━━━━━━━━━━━━━ 60.9/60.9 kB 12.3 MB/s eta 0:00:00
Collecting jinja2==3.1.4
  Downloading jinja2-3.1.4-py3-none-any.whl.metadata (2.6 kB)
Requirement already satisfied: filelock in ./.venv/lib/python3.12/site-packages (from transformers==4.51.3) (3.32.3)
Collecting packaging>=20.0 (from transformers==4.51.3)
  Downloading packaging-26.3-py3-none-any.whl.metadata (3.5 kB)
Collecting pyyaml>=5.1 (from transformers==4.51.3)
  Downloading pyyaml-6.0.3-cp312-cp312-manylinux2014_x86_64.manylinux_2_17_x86_64.manylinux_2_28_x86_64.whl.metadata (2.4 kB)
Collecting regex!=2019.12.17 (from transformers==4.51.3)
  Downloading regex-2026.9.10-cp312-cp312-manylinux2014_x86_64.manylinux_2_17_x86_64.manylinux_2_28_x86_64.whl.metadata (40 kB)
     ━━━━━━━━━━━━━━━━━━━━━━━━━━━━━━━━━━━━━━━━ 40.6/40.6 kB 7.3 MB/s eta 0:00:00
Collecting requests (from transformers==4.51.3)
  Downloading requests-2.34.2-py3-none-any.whl.metadata (4.8 kB)
Collecting tqdm>=4.27 (from transformers==4.51.3)
  Downloading tqdm-4.70.1-py3-none-any.whl.metadata (57 kB)
     ━━━━━━━━━━━━━━━━━━━━━━━━━━━━━━━━━━━━━━━━ 57.4/57.4 kB 16.3 MB/s eta 0:00:00
Collecting psutil (from peft==0.15.2)
  Downloading psutil-7.2.2-cp36-abi3-manylinux2010_x86_64.manylinux_2_12_x86_64.manylinux_2_28_x86_64.whl.metadata (22 kB)
Requirement already satisfied: torch>=1.13.0 in ./.venv/lib/python3.12/site-packages (from peft==0.15.2) (2.5.1+cu121)
Requirement already satisfied: fsspec>=2023.5.0 in ./.venv/lib/python3.12/site-packages (from huggingface-hub==0.30.2) (2026.7.0)
Requirement already satisfied: typing-extensions>=3.7.4.3 in ./.venv/lib/python3.12/site-packages (from huggingface-hub==0.30.2) (4.16.0)
Requirement already satisfied: MarkupSafe>=2.0 in ./.venv/lib/python3.12/site-packages (from jinja2==3.1.4) (3.0.3)
Requirement already satisfied: networkx in ./.venv/lib/python3.12/site-packages (from torch>=1.13.0->peft==0.15.2) (3.6.1)
Requirement already satisfied: nvidia-cuda-nvrtc-cu12==12.1.105 in ./.venv/lib/python3.12/site-packages (from torch>=1.13.0->peft==0.15.2) (12.1.105)
Requirement already satisfied: nvidia-cuda-runtime-cu12==12.1.105 in ./.venv/lib/python3.12/site-packages (from torch>=1.13.0->peft==0.15.2) (12.1.105)
Requirement already satisfied: nvidia-cuda-cupti-cu12==12.1.105 in ./.venv/lib/python3.12/site-packages (from torch>=1.13.0->peft==0.15.2) (12.1.105)
Requirement already satisfied: nvidia-cudnn-cu12==9.1.0.70 in ./.venv/lib/python3.12/site-packages (from torch>=1.13.0->peft==0.15.2) (9.1.0.70)
Requirement already satisfied: nvidia-cublas-cu12==12.1.3.1 in ./.venv/lib/python3.12/site-packages (from torch>=1.13.0->peft==0.15.2) (12.1.3.1)
Requirement already satisfied: nvidia-cufft-cu12==11.0.2.54 in ./.venv/lib/python3.12/site-packages (from torch>=1.13.0->peft==0.15.2) (11.0.2.54)
Requirement already satisfied: nvidia-curand-cu12==10.3.2.106 in ./.venv/lib/python3.12/site-packages (from torch>=1.13.0->peft==0.15.2) (10.3.2.106)
Requirement already satisfied: nvidia-cusolver-cu12==11.4.5.107 in ./.venv/lib/python3.12/site-packages (from torch>=1.13.0->peft==0.15.2) (11.4.5.107)
Requirement already satisfied: nvidia-cusparse-cu12==12.1.0.106 in ./.venv/lib/python3.12/site-packages (from torch>=1.13.0->peft==0.15.2) (12.1.0.106)
Requirement already satisfied: nvidia-nccl-cu12==2.21.5 in ./.venv/lib/python3.12/site-packages (from torch>=1.13.0->peft==0.15.2) (2.21.5)
Requirement already satisfied: nvidia-nvtx-cu12==12.1.105 in ./.venv/lib/python3.12/site-packages (from torch>=1.13.0->peft==0.15.2) (12.1.105)
Requirement already satisfied: triton==3.1.0 in ./.venv/lib/python3.12/site-packages (from torch>=1.13.0->peft==0.15.2) (3.1.0)
Requirement already satisfied: setuptools in ./.venv/lib/python3.12/site-packages (from torch>=1.13.0->peft==0.15.2) (78.1.0)
Requirement already satisfied: sympy==1.13.1 in ./.venv/lib/python3.12/site-packages (from torch>=1.13.0->peft==0.15.2) (1.13.1)
Requirement already satisfied: nvidia-nvjitlink-cu12 in ./.venv/lib/python3.12/site-packages (from nvidia-cusolver-cu12==11.4.5.107->torch>=1.13.0->peft==0.15.2) (12.9.86)
Requirement already satisfied: mpmath<1.4,>=1.1.0 in ./.venv/lib/python3.12/site-packages (from sympy==1.13.1->torch>=1.13.0->peft==0.15.2) (1.3.0)
Collecting charset_normalizer<4,>=2 (from requests->transformers==4.51.3)
  Downloading charset_normalizer-3.5.1-cp312-cp312-manylinux2014_x86_64.manylinux_2_17_x86_64.manylinux_2_28_x86_64.whl.metadata (45 kB)
     ━━━━━━━━━━━━━━━━━━━━━━━━━━━━━━━━━━━━━━━━ 45.9/45.9 kB 10.1 MB/s eta 0:00:00
Collecting idna<4,>=2.5 (from requests->transformers==4.51.3)
  Downloading idna-3.19-py3-none-any.whl.metadata (9.2 kB)
Collecting urllib3<3,>=1.26 (from requests->transformers==4.51.3)
  Downloading urllib3-2.8.0-py3-none-any.whl.metadata (7.4 kB)
Collecting certifi>=2023.5.7 (from requests->transformers==4.51.3)
  Downloading certifi-2026.7.22-py3-none-any.whl.metadata (2.5 kB)
Downloading transformers-4.51.3-py3-none-any.whl (10.4 MB)
   ━━━━━━━━━━━━━━━━━━━━━━━━━━━━━━━━━━━━━━━━ 10.4/10.4 MB 32.8 MB/s eta 0:00:00
Downloading tokenizers-0.21.1-cp39-abi3-manylinux_2_17_x86_64.manylinux2014_x86_64.whl (3.0 MB)
   ━━━━━━━━━━━━━━━━━━━━━━━━━━━━━━━━━━━━━━━━ 3.0/3.0 MB 103.0 MB/s eta 0:00:00
Downloading peft-0.15.2-py3-none-any.whl (411 kB)
   ━━━━━━━━━━━━━━━━━━━━━━━━━━━━━━━━━━━━━━━━ 411.1/411.1 kB 72.7 MB/s eta 0:00:00
Downloading accelerate-1.10.1-py3-none-any.whl (374 kB)
   ━━━━━━━━━━━━━━━━━━━━━━━━━━━━━━━━━━━━━━━━ 374.9/374.9 kB 93.5 MB/s eta 0:00:00
Downloading bitsandbytes-0.48.2-py3-none-manylinux_2_24_x86_64.whl (59.4 MB)
   ━━━━━━━━━━━━━━━━━━━━━━━━━━━━━━━━━━━━━━━━ 59.4/59.4 MB 85.7 MB/s eta 0:00:00
Downloading safetensors-0.5.3-cp38-abi3-manylinux_2_17_x86_64.manylinux2014_x86_64.whl (471 kB)
   ━━━━━━━━━━━━━━━━━━━━━━━━━━━━━━━━━━━━━━━━ 471.6/471.6 kB 60.7 MB/s eta 0:00:00
Downloading huggingface_hub-0.30.2-py3-none-any.whl (481 kB)
   ━━━━━━━━━━━━━━━━━━━━━━━━━━━━━━━━━━━━━━━ 481.4/481.4 kB 104.7 MB/s eta 0:00:00
Downloading numpy-2.0.2-cp312-cp312-manylinux_2_17_x86_64.manylinux2014_x86_64.whl (19.2 MB)
   ━━━━━━━━━━━━━━━━━━━━━━━━━━━━━━━━━━━━━━━━ 19.2/19.2 MB 93.8 MB/s eta 0:00:00
Downloading jinja2-3.1.4-py3-none-any.whl (133 kB)
   ━━━━━━━━━━━━━━━━━━━━━━━━━━━━━━━━━━━━━━━━ 133.3/133.3 kB 33.8 MB/s eta 0:00:00
Downloading packaging-26.3-py3-none-any.whl (129 kB)
   ━━━━━━━━━━━━━━━━━━━━━━━━━━━━━━━━━━━━━━━━ 130.0/130.0 kB 40.2 MB/s eta 0:00:00
Downloading pyyaml-6.0.3-cp312-cp312-manylinux2014_x86_64.manylinux_2_17_x86_64.manylinux_2_28_x86_64.whl (807 kB)
   ━━━━━━━━━━━━━━━━━━━━━━━━━━━━━━━━━━━━━━━ 807.9/807.9 kB 134.9 MB/s eta 0:00:00
Downloading regex-2026.9.10-cp312-cp312-manylinux2014_x86_64.manylinux_2_17_x86_64.manylinux_2_28_x86_64.whl (804 kB)
   ━━━━━━━━━━━━━━━━━━━━━━━━━━━━━━━━━━━━━━━ 804.6/804.6 kB 137.4 MB/s eta 0:00:00
Downloading tqdm-4.70.1-py3-none-any.whl (80 kB)
   ━━━━━━━━━━━━━━━━━━━━━━━━━━━━━━━━━━━━━━━━ 80.2/80.2 kB 23.9 MB/s eta 0:00:00
Downloading psutil-7.2.2-cp36-abi3-manylinux2010_x86_64.manylinux_2_12_x86_64.manylinux_2_28_x86_64.whl (155 kB)
   ━━━━━━━━━━━━━━━━━━━━━━━━━━━━━━━━━━━━━━━━ 155.6/155.6 kB 46.4 MB/s eta 0:00:00
Downloading requests-2.34.2-py3-none-any.whl (73 kB)
   ━━━━━━━━━━━━━━━━━━━━━━━━━━━━━━━━━━━━━━━━ 73.1/73.1 kB 24.8 MB/s eta 0:00:00
Downloading certifi-2026.7.22-py3-none-any.whl (136 kB)
   ━━━━━━━━━━━━━━━━━━━━━━━━━━━━━━━━━━━━━━━━ 137.0/137.0 kB 38.5 MB/s eta 0:00:00
Downloading charset_normalizer-3.5.1-cp312-cp312-manylinux2014_x86_64.manylinux_2_17_x86_64.manylinux_2_28_x86_64.whl (248 kB)
   ━━━━━━━━━━━━━━━━━━━━━━━━━━━━━━━━━━━━━━━━ 248.8/248.8 kB 68.6 MB/s eta 0:00:00
Downloading idna-3.19-py3-none-any.whl (68 kB)
   ━━━━━━━━━━━━━━━━━━━━━━━━━━━━━━━━━━━━━━━━ 68.5/68.5 kB 18.2 MB/s eta 0:00:00
Downloading urllib3-2.8.0-py3-none-any.whl (135 kB)
   ━━━━━━━━━━━━━━━━━━━━━━━━━━━━━━━━━━━━━━━━ 135.7/135.7 kB 40.8 MB/s eta 0:00:00
Installing collected packages: urllib3, tqdm, safetensors, regex, pyyaml, psutil, packaging, numpy, jinja2, idna, charset_normalizer, certifi, requests, huggingface-hub, tokenizers, bitsandbytes, accelerate, transformers, peft
  Attempting uninstall: jinja2
    Found existing installation: Jinja2 3.1.6
    Uninstalling Jinja2-3.1.6:
      Successfully uninstalled Jinja2-3.1.6
Successfully installed accelerate-1.10.1 bitsandbytes-0.48.2 certifi-2026.7.22 charset_normalizer-3.5.1 huggingface-hub-0.30.2 idna-3.19 jinja2-3.1.4 numpy-2.0.2 packaging-26.3 peft-0.15.2 psutil-7.2.2 pyyaml-6.0.3 regex-2026.9.10 requests-2.34.2 safetensors-0.5.3 tokenizers-0.21.1 tqdm-4.70.1 transformers-4.51.3 urllib3-2.8.0
