Looking in indexes: https://pypi.org/simple, https://download.pytorch.org/whl/cu121
Collecting torch==2.5.1+cu121
  Downloading https://download-r2.pytorch.org/whl/cu121/torch-2.5.1%2Bcu121-cp312-cp312-linux_x86_64.whl (780.4 MB)
     ━━━━━━━━━━━━━━━━━━━━━━━━━━━━━━━━━━━━━━ 780.4/780.4 MB 10.7 MB/s eta 0:00:00
Collecting transformers==4.52.3
  Downloading transformers-4.52.3-py3-none-any.whl.metadata (40 kB)
     ━━━━━━━━━━━━━━━━━━━━━━━━━━━━━━━━━━━━━━━━ 40.2/40.2 kB 3.4 MB/s eta 0:00:00
Collecting tokenizers==0.21.4
  Downloading tokenizers-0.21.4-cp39-abi3-manylinux_2_17_x86_64.manylinux2014_x86_64.whl.metadata (6.7 kB)
Collecting accelerate==1.10.1
  Downloading accelerate-1.10.1-py3-none-any.whl.metadata (19 kB)
Collecting bitsandbytes==0.48.2
  Downloading bitsandbytes-0.48.2-py3-none-manylinux_2_24_x86_64.whl.metadata (10 kB)
Collecting huggingface-hub==0.36.2
  Downloading huggingface_hub-0.36.2-py3-none-any.whl.metadata (15 kB)
Collecting psutil==7.0.0
  Downloading psutil-7.0.0-cp36-abi3-manylinux_2_12_x86_64.manylinux2010_x86_64.manylinux_2_17_x86_64.manylinux2014_x86_64.whl.metadata (22 kB)
Collecting filelock (from torch==2.5.1+cu121)
  Downloading filelock-3.32.3-py3-none-any.whl.metadata (2.0 kB)
Collecting typing-extensions>=4.8.0 (from torch==2.5.1+cu121)
  Downloading typing_extensions-4.16.0-py3-none-any.whl.metadata (3.3 kB)
Collecting networkx (from torch==2.5.1+cu121)
  Downloading networkx-3.6.1-py3-none-any.whl.metadata (6.8 kB)
Collecting jinja2 (from torch==2.5.1+cu121)
  Downloading https://download.pytorch.org/whl/jinja2-3.1.6-py3-none-any.whl.metadata (2.9 kB)
Collecting fsspec (from torch==2.5.1+cu121)
  Downloading fsspec-2026.7.0-py3-none-any.whl.metadata (10 kB)
Collecting nvidia-cuda-nvrtc-cu12==12.1.105 (from torch==2.5.1+cu121)
  Downloading https://pypi.nvidia.com/nvidia-cuda-nvrtc-cu12/nvidia_cuda_nvrtc_cu12-12.1.105-py3-none-manylinux1_x86_64.whl (23.7 MB)
     ━━━━━━━━━━━━━━━━━━━━━━━━━━━━━━━━━━━━━━━ 23.7/23.7 MB 271.2 MB/s eta 0:00:00
Collecting nvidia-cuda-runtime-cu12==12.1.105 (from torch==2.5.1+cu121)
  Downloading https://pypi.nvidia.com/nvidia-cuda-runtime-cu12/nvidia_cuda_runtime_cu12-12.1.105-py3-none-manylinux1_x86_64.whl (823 kB)
     ━━━━━━━━━━━━━━━━━━━━━━━━━━━━━━━━━━━━━ 823.6/823.6 kB 354.3 MB/s eta 0:00:00
Collecting nvidia-cuda-cupti-cu12==12.1.105 (from torch==2.5.1+cu121)
  Downloading https://pypi.nvidia.com/nvidia-cuda-cupti-cu12/nvidia_cuda_cupti_cu12-12.1.105-py3-none-manylinux1_x86_64.whl (14.1 MB)
     ━━━━━━━━━━━━━━━━━━━━━━━━━━━━━━━━━━━━━━━ 14.1/14.1 MB 271.9 MB/s eta 0:00:00
Collecting nvidia-cudnn-cu12==9.1.0.70 (from torch==2.5.1+cu121)
  Downloading https://download.pytorch.org/whl/cu124/nvidia_cudnn_cu12-9.1.0.70-py3-none-manylinux2014_x86_64.whl (664.8 MB)
     ━━━━━━━━━━━━━━━━━━━━━━━━━━━━━━━━━━━━━━ 664.8/664.8 MB 12.7 MB/s eta 0:00:00
Collecting nvidia-cublas-cu12==12.1.3.1 (from torch==2.5.1+cu121)
  Downloading https://pypi.nvidia.com/nvidia-cublas-cu12/nvidia_cublas_cu12-12.1.3.1-py3-none-manylinux1_x86_64.whl (410.6 MB)
     ━━━━━━━━━━━━━━━━━━━━━━━━━━━━━━━━━━━━━ 410.6/410.6 MB 117.3 MB/s eta 0:00:00
Collecting nvidia-cufft-cu12==11.0.2.54 (from torch==2.5.1+cu121)
  Downloading https://pypi.nvidia.com/nvidia-cufft-cu12/nvidia_cufft_cu12-11.0.2.54-py3-none-manylinux1_x86_64.whl (121.6 MB)
     ━━━━━━━━━━━━━━━━━━━━━━━━━━━━━━━━━━━━━ 121.6/121.6 MB 191.9 MB/s eta 0:00:00
Collecting nvidia-curand-cu12==10.3.2.106 (from torch==2.5.1+cu121)
  Downloading https://pypi.nvidia.com/nvidia-curand-cu12/nvidia_curand_cu12-10.3.2.106-py3-none-manylinux1_x86_64.whl (56.5 MB)
     ━━━━━━━━━━━━━━━━━━━━━━━━━━━━━━━━━━━━━━━ 56.5/56.5 MB 201.2 MB/s eta 0:00:00
Collecting nvidia-cusolver-cu12==11.4.5.107 (from torch==2.5.1+cu121)
  Downloading https://pypi.nvidia.com/nvidia-cusolver-cu12/nvidia_cusolver_cu12-11.4.5.107-py3-none-manylinux1_x86_64.whl (124.2 MB)
     ━━━━━━━━━━━━━━━━━━━━━━━━━━━━━━━━━━━━━ 124.2/124.2 MB 184.4 MB/s eta 0:00:00
Collecting nvidia-cusparse-cu12==12.1.0.106 (from torch==2.5.1+cu121)
  Downloading https://pypi.nvidia.com/nvidia-cusparse-cu12/nvidia_cusparse_cu12-12.1.0.106-py3-none-manylinux1_x86_64.whl (196.0 MB)
     ━━━━━━━━━━━━━━━━━━━━━━━━━━━━━━━━━━━━━ 196.0/196.0 MB 142.3 MB/s eta 0:00:00
Collecting nvidia-nccl-cu12==2.21.5 (from torch==2.5.1+cu121)
  Downloading https://pypi.nvidia.com/nvidia-nccl-cu12/nvidia_nccl_cu12-2.21.5-py3-none-manylinux2014_x86_64.whl (188.7 MB)
     ━━━━━━━━━━━━━━━━━━━━━━━━━━━━━━━━━━━━━ 188.7/188.7 MB 183.9 MB/s eta 0:00:00
Collecting nvidia-nvtx-cu12==12.1.105 (from torch==2.5.1+cu121)
  Downloading https://pypi.nvidia.com/nvidia-nvtx-cu12/nvidia_nvtx_cu12-12.1.105-py3-none-manylinux1_x86_64.whl (99 kB)
     ━━━━━━━━━━━━━━━━━━━━━━━━━━━━━━━━━━━━━━━ 99.1/99.1 kB 194.5 MB/s eta 0:00:00
Collecting triton==3.1.0 (from torch==2.5.1+cu121)
  Downloading https://download-r2.pytorch.org/whl/triton-3.1.0-cp312-cp312-manylinux_2_17_x86_64.manylinux2014_x86_64.whl (209.6 MB)
     ━━━━━━━━━━━━━━━━━━━━━━━━━━━━━━━━━━━━━━ 209.6/209.6 MB 40.8 MB/s eta 0:00:00
Collecting setuptools (from torch==2.5.1+cu121)
  Downloading https://download.pytorch.org/whl/setuptools-78.1.0-py3-none-any.whl.metadata (6.6 kB)
Collecting sympy==1.13.1 (from torch==2.5.1+cu121)
  Downloading sympy-1.13.1-py3-none-any.whl.metadata (12 kB)
Collecting numpy>=1.17 (from transformers==4.52.3)
  Downloading numpy-2.0.2-cp312-cp312-manylinux_2_17_x86_64.manylinux2014_x86_64.whl.metadata (60 kB)
     ━━━━━━━━━━━━━━━━━━━━━━━━━━━━━━━━━━━━━━━━ 60.9/60.9 kB 13.8 MB/s eta 0:00:00
Collecting packaging>=20.0 (from transformers==4.52.3)
  Downloading packaging-26.3-py3-none-any.whl.metadata (3.5 kB)
Collecting pyyaml>=5.1 (from transformers==4.52.3)
  Downloading pyyaml-6.0.3-cp312-cp312-manylinux2014_x86_64.manylinux_2_17_x86_64.manylinux_2_28_x86_64.whl.metadata (2.4 kB)
Collecting regex!=2019.12.17 (from transformers==4.52.3)
  Downloading regex-2026.9.10-cp312-cp312-manylinux2014_x86_64.manylinux_2_17_x86_64.manylinux_2_28_x86_64.whl.metadata (40 kB)
     ━━━━━━━━━━━━━━━━━━━━━━━━━━━━━━━━━━━━━━━━ 40.6/40.6 kB 7.5 MB/s eta 0:00:00
Collecting requests (from transformers==4.52.3)
  Downloading requests-2.34.2-py3-none-any.whl.metadata (4.8 kB)
Collecting safetensors>=0.4.3 (from transformers==4.52.3)
  Downloading safetensors-0.8.0-cp310-abi3-manylinux_2_17_x86_64.manylinux2014_x86_64.whl.metadata (4.2 kB)
Collecting tqdm>=4.27 (from transformers==4.52.3)
  Downloading tqdm-4.70.1-py3-none-any.whl.metadata (57 kB)
     ━━━━━━━━━━━━━━━━━━━━━━━━━━━━━━━━━━━━━━━━ 57.4/57.4 kB 13.3 MB/s eta 0:00:00
Collecting hf-xet<2.0.0,>=1.1.3 (from huggingface-hub==0.36.2)
  Downloading hf_xet-1.6.0-cp38-abi3-manylinux2014_x86_64.manylinux_2_17_x86_64.whl.metadata (4.9 kB)
Collecting nvidia-nvjitlink-cu12 (from nvidia-cusolver-cu12==11.4.5.107->torch==2.5.1+cu121)
  Downloading https://pypi.nvidia.com/nvidia-nvjitlink-cu12/nvidia_nvjitlink_cu12-12.9.86-py3-none-manylinux2010_x86_64.manylinux_2_12_x86_64.whl (39.7 MB)
     ━━━━━━━━━━━━━━━━━━━━━━━━━━━━━━━━━━━━━━━ 39.7/39.7 MB 267.0 MB/s eta 0:00:00
Collecting mpmath<1.4,>=1.1.0 (from sympy==1.13.1->torch==2.5.1+cu121)
  Downloading mpmath-1.3.0-py3-none-any.whl.metadata (8.6 kB)
Collecting MarkupSafe>=2.0 (from jinja2->torch==2.5.1+cu121)
  Downloading https://download.pytorch.org/whl/markupsafe-3.0.3-cp312-cp312-manylinux2014_x86_64.manylinux_2_17_x86_64.manylinux_2_28_x86_64.whl.metadata (2.7 kB)
Collecting charset_normalizer<4,>=2 (from requests->transformers==4.52.3)
  Downloading charset_normalizer-3.5.1-cp312-cp312-manylinux2014_x86_64.manylinux_2_17_x86_64.manylinux_2_28_x86_64.whl.metadata (45 kB)
     ━━━━━━━━━━━━━━━━━━━━━━━━━━━━━━━━━━━━━━━━ 45.9/45.9 kB 9.3 MB/s eta 0:00:00
Collecting idna<4,>=2.5 (from requests->transformers==4.52.3)
  Downloading idna-3.19-py3-none-any.whl.metadata (9.2 kB)
Collecting urllib3<3,>=1.26 (from requests->transformers==4.52.3)
  Downloading urllib3-2.7.0-py3-none-any.whl.metadata (6.9 kB)
Collecting certifi>=2023.5.7 (from requests->transformers==4.52.3)
  Downloading certifi-2026.7.22-py3-none-any.whl.metadata (2.5 kB)
Downloading transformers-4.52.3-py3-none-any.whl (10.5 MB)
   ━━━━━━━━━━━━━━━━━━━━━━━━━━━━━━━━━━━━━━━━ 10.5/10.5 MB 192.4 MB/s eta 0:00:00
Downloading tokenizers-0.21.4-cp39-abi3-manylinux_2_17_x86_64.manylinux2014_x86_64.whl (3.1 MB)
   ━━━━━━━━━━━━━━━━━━━━━━━━━━━━━━━━━━━━━━━━ 3.1/3.1 MB 182.8 MB/s eta 0:00:00
Downloading accelerate-1.10.1-py3-none-any.whl (374 kB)
   ━━━━━━━━━━━━━━━━━━━━━━━━━━━━━━━━━━━━━━━━ 374.9/374.9 kB 86.7 MB/s eta 0:00:00
Downloading bitsandbytes-0.48.2-py3-none-manylinux_2_24_x86_64.whl (59.4 MB)
   ━━━━━━━━━━━━━━━━━━━━━━━━━━━━━━━━━━━━━━━━ 59.4/59.4 MB 95.2 MB/s eta 0:00:00
Downloading huggingface_hub-0.36.2-py3-none-any.whl (566 kB)
   ━━━━━━━━━━━━━━━━━━━━━━━━━━━━━━━━━━━━━━━━ 566.4/566.4 kB 94.3 MB/s eta 0:00:00
Downloading psutil-7.0.0-cp36-abi3-manylinux_2_12_x86_64.manylinux2010_x86_64.manylinux_2_17_x86_64.manylinux2014_x86_64.whl (277 kB)
   ━━━━━━━━━━━━━━━━━━━━━━━━━━━━━━━━━━━━━━━━ 278.0/278.0 kB 84.7 MB/s eta 0:00:00
Downloading sympy-1.13.1-py3-none-any.whl (6.2 MB)
   ━━━━━━━━━━━━━━━━━━━━━━━━━━━━━━━━━━━━━━━━ 6.2/6.2 MB 205.5 MB/s eta 0:00:00
Downloading fsspec-2026.7.0-py3-none-any.whl (206 kB)
   ━━━━━━━━━━━━━━━━━━━━━━━━━━━━━━━━━━━━━━━━ 206.6/206.6 kB 56.1 MB/s eta 0:00:00
Downloading hf_xet-1.6.0-cp38-abi3-manylinux2014_x86_64.manylinux_2_17_x86_64.whl (4.5 MB)
   ━━━━━━━━━━━━━━━━━━━━━━━━━━━━━━━━━━━━━━━━ 4.5/4.5 MB 196.4 MB/s eta 0:00:00
Downloading numpy-2.0.2-cp312-cp312-manylinux_2_17_x86_64.manylinux2014_x86_64.whl (19.2 MB)
   ━━━━━━━━━━━━━━━━━━━━━━━━━━━━━━━━━━━━━━━━ 19.2/19.2 MB 170.7 MB/s eta 0:00:00
Downloading packaging-26.3-py3-none-any.whl (129 kB)
   ━━━━━━━━━━━━━━━━━━━━━━━━━━━━━━━━━━━━━━━━ 130.0/130.0 kB 35.8 MB/s eta 0:00:00
Downloading pyyaml-6.0.3-cp312-cp312-manylinux2014_x86_64.manylinux_2_17_x86_64.manylinux_2_28_x86_64.whl (807 kB)
   ━━━━━━━━━━━━━━━━━━━━━━━━━━━━━━━━━━━━━━━ 807.9/807.9 kB 130.6 MB/s eta 0:00:00
Downloading regex-2026.9.10-cp312-cp312-manylinux2014_x86_64.manylinux_2_17_x86_64.manylinux_2_28_x86_64.whl (804 kB)
   ━━━━━━━━━━━━━━━━━━━━━━━━━━━━━━━━━━━━━━━ 804.6/804.6 kB 131.0 MB/s eta 0:00:00
Downloading safetensors-0.8.0-cp310-abi3-manylinux_2_17_x86_64.manylinux2014_x86_64.whl (516 kB)
   ━━━━━━━━━━━━━━━━━━━━━━━━━━━━━━━━━━━━━━━ 516.0/516.0 kB 102.9 MB/s eta 0:00:00
Downloading tqdm-4.70.1-py3-none-any.whl (80 kB)
   ━━━━━━━━━━━━━━━━━━━━━━━━━━━━━━━━━━━━━━━━ 80.2/80.2 kB 22.6 MB/s eta 0:00:00
Downloading typing_extensions-4.16.0-py3-none-any.whl (45 kB)
   ━━━━━━━━━━━━━━━━━━━━━━━━━━━━━━━━━━━━━━━━ 45.6/45.6 kB 14.0 MB/s eta 0:00:00
Downloading filelock-3.32.3-py3-none-any.whl (98 kB)
   ━━━━━━━━━━━━━━━━━━━━━━━━━━━━━━━━━━━━━━━━ 98.9/98.9 kB 32.9 MB/s eta 0:00:00
Downloading https://download.pytorch.org/whl/jinja2-3.1.6-py3-none-any.whl (134 kB)
   ━━━━━━━━━━━━━━━━━━━━━━━━━━━━━━━━━━━━━━━━ 134.9/134.9 kB 44.6 MB/s eta 0:00:00
Downloading networkx-3.6.1-py3-none-any.whl (2.1 MB)
   ━━━━━━━━━━━━━━━━━━━━━━━━━━━━━━━━━━━━━━━━ 2.1/2.1 MB 169.7 MB/s eta 0:00:00
Downloading requests-2.34.2-py3-none-any.whl (73 kB)
   ━━━━━━━━━━━━━━━━━━━━━━━━━━━━━━━━━━━━━━━━ 73.1/73.1 kB 19.8 MB/s eta 0:00:00
Downloading https://download.pytorch.org/whl/setuptools-78.1.0-py3-none-any.whl (1.3 MB)
   ━━━━━━━━━━━━━━━━━━━━━━━━━━━━━━━━━━━━━━━━ 1.3/1.3 MB 151.3 MB/s eta 0:00:00
Downloading certifi-2026.7.22-py3-none-any.whl (136 kB)
   ━━━━━━━━━━━━━━━━━━━━━━━━━━━━━━━━━━━━━━━━ 137.0/137.0 kB 44.2 MB/s eta 0:00:00
Downloading charset_normalizer-3.5.1-cp312-cp312-manylinux2014_x86_64.manylinux_2_17_x86_64.manylinux_2_28_x86_64.whl (248 kB)
   ━━━━━━━━━━━━━━━━━━━━━━━━━━━━━━━━━━━━━━━━ 248.8/248.8 kB 53.4 MB/s eta 0:00:00
Downloading idna-3.19-py3-none-any.whl (68 kB)
   ━━━━━━━━━━━━━━━━━━━━━━━━━━━━━━━━━━━━━━━━ 68.5/68.5 kB 24.7 MB/s eta 0:00:00
Downloading https://download.pytorch.org/whl/markupsafe-3.0.3-cp312-cp312-manylinux2014_x86_64.manylinux_2_17_x86_64.manylinux_2_28_x86_64.whl (22 kB)
Downloading mpmath-1.3.0-py3-none-any.whl (536 kB)
   ━━━━━━━━━━━━━━━━━━━━━━━━━━━━━━━━━━━━━━━ 536.2/536.2 kB 107.0 MB/s eta 0:00:00
Downloading urllib3-2.7.0-py3-none-any.whl (131 kB)
   ━━━━━━━━━━━━━━━━━━━━━━━━━━━━━━━━━━━━━━━━ 131.1/131.1 kB 46.3 MB/s eta 0:00:00
Would install Jinja2-3.1.6 MarkupSafe-3.0.3 PyYAML-6.0.3 accelerate-1.10.1 bitsandbytes-0.48.2 certifi-2026.7.22 charset-normalizer-3.5.1 filelock-3.32.3 fsspec-2026.7.0 hf-xet-1.6.0 huggingface_hub-0.36.2 idna-3.19 mpmath-1.3.0 networkx-3.6.1 numpy-2.0.2 nvidia-cublas-cu12-12.1.3.1 nvidia-cuda-cupti-cu12-12.1.105 nvidia-cuda-nvrtc-cu12-12.1.105 nvidia-cuda-runtime-cu12-12.1.105 nvidia-cudnn-cu12-9.1.0.70 nvidia-cufft-cu12-11.0.2.54 nvidia-curand-cu12-10.3.2.106 nvidia-cusolver-cu12-11.4.5.107 nvidia-cusparse-cu12-12.1.0.106 nvidia-nccl-cu12-2.21.5 nvidia-nvjitlink-cu12-12.9.86 nvidia-nvtx-cu12-12.1.105 packaging-26.3 psutil-7.0.0 regex-2026.9.10 requests-2.34.2 safetensors-0.8.0 setuptools-78.1.0 sympy-1.13.1 tokenizers-0.21.4 torch-2.5.1+cu121 tqdm-4.70.1 transformers-4.52.3 triton-3.1.0 typing_extensions-4.16.0 urllib3-2.7.0
Looking in indexes: https://pypi.org/simple, https://download.pytorch.org/whl/cu121
Collecting torch==2.5.1+cu121
  Using cached https://download-r2.pytorch.org/whl/cu121/torch-2.5.1%2Bcu121-cp312-cp312-linux_x86_64.whl (780.4 MB)
Collecting transformers==4.52.3
  Using cached transformers-4.52.3-py3-none-any.whl.metadata (40 kB)
Collecting tokenizers==0.21.4
  Using cached tokenizers-0.21.4-cp39-abi3-manylinux_2_17_x86_64.manylinux2014_x86_64.whl.metadata (6.7 kB)
Collecting accelerate==1.10.1
  Using cached accelerate-1.10.1-py3-none-any.whl.metadata (19 kB)
Collecting bitsandbytes==0.48.2
  Using cached bitsandbytes-0.48.2-py3-none-manylinux_2_24_x86_64.whl.metadata (10 kB)
Collecting huggingface-hub==0.36.2
  Using cached huggingface_hub-0.36.2-py3-none-any.whl.metadata (15 kB)
Collecting psutil==7.0.0
  Using cached psutil-7.0.0-cp36-abi3-manylinux_2_12_x86_64.manylinux2010_x86_64.manylinux_2_17_x86_64.manylinux2014_x86_64.whl.metadata (22 kB)
Collecting nvidia-cublas-cu12==12.1.3.1
  Downloading https://pypi.nvidia.com/nvidia-cublas-cu12/nvidia_cublas_cu12-12.1.3.1-py3-none-manylinux1_x86_64.whl (410.6 MB)
     ━━━━━━━━━━━━━━━━━━━━━━━━━━━━━━━━━━━━━ 410.6/410.6 MB 122.4 MB/s eta 0:00:00
Collecting nvidia-cuda-cupti-cu12==12.1.105
  Downloading https://pypi.nvidia.com/nvidia-cuda-cupti-cu12/nvidia_cuda_cupti_cu12-12.1.105-py3-none-manylinux1_x86_64.whl (14.1 MB)
     ━━━━━━━━━━━━━━━━━━━━━━━━━━━━━━━━━━━━━━━ 14.1/14.1 MB 305.5 MB/s eta 0:00:00
Collecting nvidia-cuda-nvrtc-cu12==12.1.105
  Downloading https://pypi.nvidia.com/nvidia-cuda-nvrtc-cu12/nvidia_cuda_nvrtc_cu12-12.1.105-py3-none-manylinux1_x86_64.whl (23.7 MB)
     ━━━━━━━━━━━━━━━━━━━━━━━━━━━━━━━━━━━━━━━ 23.7/23.7 MB 283.6 MB/s eta 0:00:00
Collecting nvidia-cuda-runtime-cu12==12.1.105
  Downloading https://pypi.nvidia.com/nvidia-cuda-runtime-cu12/nvidia_cuda_runtime_cu12-12.1.105-py3-none-manylinux1_x86_64.whl (823 kB)
     ━━━━━━━━━━━━━━━━━━━━━━━━━━━━━━━━━━━━━ 823.6/823.6 kB 348.2 MB/s eta 0:00:00
Collecting nvidia-cudnn-cu12==9.1.0.70
  Using cached https://download.pytorch.org/whl/cu124/nvidia_cudnn_cu12-9.1.0.70-py3-none-manylinux2014_x86_64.whl (664.8 MB)
Collecting nvidia-cufft-cu12==11.0.2.54
  Downloading https://pypi.nvidia.com/nvidia-cufft-cu12/nvidia_cufft_cu12-11.0.2.54-py3-none-manylinux1_x86_64.whl (121.6 MB)
     ━━━━━━━━━━━━━━━━━━━━━━━━━━━━━━━━━━━━━ 121.6/121.6 MB 231.5 MB/s eta 0:00:00
Collecting nvidia-curand-cu12==10.3.2.106
  Downloading https://pypi.nvidia.com/nvidia-curand-cu12/nvidia_curand_cu12-10.3.2.106-py3-none-manylinux1_x86_64.whl (56.5 MB)
     ━━━━━━━━━━━━━━━━━━━━━━━━━━━━━━━━━━━━━━━ 56.5/56.5 MB 271.3 MB/s eta 0:00:00
Collecting nvidia-cusolver-cu12==11.4.5.107
  Downloading https://pypi.nvidia.com/nvidia-cusolver-cu12/nvidia_cusolver_cu12-11.4.5.107-py3-none-manylinux1_x86_64.whl (124.2 MB)
     ━━━━━━━━━━━━━━━━━━━━━━━━━━━━━━━━━━━━━ 124.2/124.2 MB 228.0 MB/s eta 0:00:00
Collecting nvidia-cusparse-cu12==12.1.0.106
  Downloading https://pypi.nvidia.com/nvidia-cusparse-cu12/nvidia_cusparse_cu12-12.1.0.106-py3-none-manylinux1_x86_64.whl (196.0 MB)
     ━━━━━━━━━━━━━━━━━━━━━━━━━━━━━━━━━━━━━ 196.0/196.0 MB 146.6 MB/s eta 0:00:00
Collecting nvidia-nccl-cu12==2.21.5
  Downloading https://pypi.nvidia.com/nvidia-nccl-cu12/nvidia_nccl_cu12-2.21.5-py3-none-manylinux2014_x86_64.whl (188.7 MB)
     ━━━━━━━━━━━━━━━━━━━━━━━━━━━━━━━━━━━━━ 188.7/188.7 MB 185.9 MB/s eta 0:00:00
Collecting nvidia-nvtx-cu12==12.1.105
  Downloading https://pypi.nvidia.com/nvidia-nvtx-cu12/nvidia_nvtx_cu12-12.1.105-py3-none-manylinux1_x86_64.whl (99 kB)
     ━━━━━━━━━━━━━━━━━━━━━━━━━━━━━━━━━━━━━━━ 99.1/99.1 kB 191.6 MB/s eta 0:00:00
Collecting sympy==1.13.1
  Using cached sympy-1.13.1-py3-none-any.whl.metadata (12 kB)
Collecting triton==3.1.0
  Using cached https://download-r2.pytorch.org/whl/triton-3.1.0-cp312-cp312-manylinux_2_17_x86_64.manylinux2014_x86_64.whl (209.6 MB)
Collecting fsspec==2026.7.0
  Using cached fsspec-2026.7.0-py3-none-any.whl.metadata (10 kB)
Collecting hf-xet==1.6.0
  Using cached hf_xet-1.6.0-cp38-abi3-manylinux2014_x86_64.manylinux_2_17_x86_64.whl.metadata (4.9 kB)
Collecting numpy==2.0.2
  Using cached numpy-2.0.2-cp312-cp312-manylinux_2_17_x86_64.manylinux2014_x86_64.whl.metadata (60 kB)
Collecting packaging==26.3
  Using cached packaging-26.3-py3-none-any.whl.metadata (3.5 kB)
Collecting pyyaml==6.0.3
  Using cached pyyaml-6.0.3-cp312-cp312-manylinux2014_x86_64.manylinux_2_17_x86_64.manylinux_2_28_x86_64.whl.metadata (2.4 kB)
Collecting regex==2026.9.10
  Using cached regex-2026.9.10-cp312-cp312-manylinux2014_x86_64.manylinux_2_17_x86_64.manylinux_2_28_x86_64.whl.metadata (40 kB)
Collecting safetensors==0.8.0
  Using cached safetensors-0.8.0-cp310-abi3-manylinux_2_17_x86_64.manylinux2014_x86_64.whl.metadata (4.2 kB)
Collecting tqdm==4.70.1
  Using cached tqdm-4.70.1-py3-none-any.whl.metadata (57 kB)
Collecting typing-extensions==4.16.0
  Using cached typing_extensions-4.16.0-py3-none-any.whl.metadata (3.3 kB)
Collecting filelock==3.32.3
  Using cached filelock-3.32.3-py3-none-any.whl.metadata (2.0 kB)
Collecting jinja2==3.1.6
  Using cached https://download.pytorch.org/whl/jinja2-3.1.6-py3-none-any.whl.metadata (2.9 kB)
Collecting networkx==3.6.1
  Using cached networkx-3.6.1-py3-none-any.whl.metadata (6.8 kB)
Collecting requests==2.34.2
  Using cached requests-2.34.2-py3-none-any.whl.metadata (4.8 kB)
Collecting setuptools==78.1.0
  Using cached https://download.pytorch.org/whl/setuptools-78.1.0-py3-none-any.whl.metadata (6.6 kB)
Collecting certifi==2026.7.22
  Using cached certifi-2026.7.22-py3-none-any.whl.metadata (2.5 kB)
Collecting charset-normalizer==3.5.1
  Using cached charset_normalizer-3.5.1-cp312-cp312-manylinux2014_x86_64.manylinux_2_17_x86_64.manylinux_2_28_x86_64.whl.metadata (45 kB)
Collecting idna==3.19
  Using cached idna-3.19-py3-none-any.whl.metadata (9.2 kB)
Collecting markupsafe==3.0.3
  Using cached https://download.pytorch.org/whl/markupsafe-3.0.3-cp312-cp312-manylinux2014_x86_64.manylinux_2_17_x86_64.manylinux_2_28_x86_64.whl.metadata (2.7 kB)
Collecting mpmath==1.3.0
  Using cached mpmath-1.3.0-py3-none-any.whl.metadata (8.6 kB)
Collecting urllib3==2.7.0
  Using cached urllib3-2.7.0-py3-none-any.whl.metadata (6.9 kB)
Collecting nvidia-nvjitlink-cu12==12.9.86
  Downloading https://pypi.nvidia.com/nvidia-nvjitlink-cu12/nvidia_nvjitlink_cu12-12.9.86-py3-none-manylinux2010_x86_64.manylinux_2_12_x86_64.whl (39.7 MB)
     ━━━━━━━━━━━━━━━━━━━━━━━━━━━━━━━━━━━━━━━ 39.7/39.7 MB 216.1 MB/s eta 0:00:00
Using cached transformers-4.52.3-py3-none-any.whl (10.5 MB)
Using cached tokenizers-0.21.4-cp39-abi3-manylinux_2_17_x86_64.manylinux2014_x86_64.whl (3.1 MB)
Using cached accelerate-1.10.1-py3-none-any.whl (374 kB)
Using cached bitsandbytes-0.48.2-py3-none-manylinux_2_24_x86_64.whl (59.4 MB)
Using cached huggingface_hub-0.36.2-py3-none-any.whl (566 kB)
Using cached psutil-7.0.0-cp36-abi3-manylinux_2_12_x86_64.manylinux2010_x86_64.manylinux_2_17_x86_64.manylinux2014_x86_64.whl (277 kB)
Using cached sympy-1.13.1-py3-none-any.whl (6.2 MB)
Using cached fsspec-2026.7.0-py3-none-any.whl (206 kB)
Using cached hf_xet-1.6.0-cp38-abi3-manylinux2014_x86_64.manylinux_2_17_x86_64.whl (4.5 MB)
Using cached numpy-2.0.2-cp312-cp312-manylinux_2_17_x86_64.manylinux2014_x86_64.whl (19.2 MB)
Using cached packaging-26.3-py3-none-any.whl (129 kB)
Using cached pyyaml-6.0.3-cp312-cp312-manylinux2014_x86_64.manylinux_2_17_x86_64.manylinux_2_28_x86_64.whl (807 kB)
Using cached regex-2026.9.10-cp312-cp312-manylinux2014_x86_64.manylinux_2_17_x86_64.manylinux_2_28_x86_64.whl (804 kB)
Using cached safetensors-0.8.0-cp310-abi3-manylinux_2_17_x86_64.manylinux2014_x86_64.whl (516 kB)
Using cached tqdm-4.70.1-py3-none-any.whl (80 kB)
Using cached typing_extensions-4.16.0-py3-none-any.whl (45 kB)
Using cached filelock-3.32.3-py3-none-any.whl (98 kB)
Using cached https://download.pytorch.org/whl/jinja2-3.1.6-py3-none-any.whl (134 kB)
Using cached networkx-3.6.1-py3-none-any.whl (2.1 MB)
Using cached requests-2.34.2-py3-none-any.whl (73 kB)
Using cached https://download.pytorch.org/whl/setuptools-78.1.0-py3-none-any.whl (1.3 MB)
Using cached certifi-2026.7.22-py3-none-any.whl (136 kB)
Using cached charset_normalizer-3.5.1-cp312-cp312-manylinux2014_x86_64.manylinux_2_17_x86_64.manylinux_2_28_x86_64.whl (248 kB)
Using cached idna-3.19-py3-none-any.whl (68 kB)
Using cached https://download.pytorch.org/whl/markupsafe-3.0.3-cp312-cp312-manylinux2014_x86_64.manylinux_2_17_x86_64.manylinux_2_28_x86_64.whl (22 kB)
Using cached mpmath-1.3.0-py3-none-any.whl (536 kB)
Using cached urllib3-2.7.0-py3-none-any.whl (131 kB)
Installing collected packages: triton, mpmath, urllib3, typing-extensions, transformers, tqdm, torch, tokenizers, sympy, setuptools, safetensors, requests, regex, pyyaml, psutil, packaging, nvidia-nvtx-cu12, nvidia-nvjitlink-cu12, nvidia-nccl-cu12, nvidia-cusparse-cu12, nvidia-cusolver-cu12, nvidia-curand-cu12, nvidia-cufft-cu12, nvidia-cudnn-cu12, nvidia-cuda-runtime-cu12, nvidia-cuda-nvrtc-cu12, nvidia-cuda-cupti-cu12, nvidia-cublas-cu12, numpy, networkx, markupsafe, jinja2, idna, huggingface-hub, hf-xet, fsspec, filelock, charset-normalizer, certifi, bitsandbytes, accelerate
Successfully installed accelerate-1.10.1 bitsandbytes-0.48.2 certifi-2026.7.22 charset-normalizer-3.5.1 filelock-3.32.3 fsspec-2026.7.0 hf-xet-1.6.0 huggingface-hub-0.36.2 idna-3.19 jinja2-3.1.6 markupsafe-3.0.3 mpmath-1.3.0 networkx-3.6.1 numpy-2.0.2 nvidia-cublas-cu12-12.1.3.1 nvidia-cuda-cupti-cu12-12.1.105 nvidia-cuda-nvrtc-cu12-12.1.105 nvidia-cuda-runtime-cu12-12.1.105 nvidia-cudnn-cu12-9.1.0.70 nvidia-cufft-cu12-11.0.2.54 nvidia-curand-cu12-10.3.2.106 nvidia-cusolver-cu12-11.4.5.107 nvidia-cusparse-cu12-12.1.0.106 nvidia-nccl-cu12-2.21.5 nvidia-nvjitlink-cu12-12.9.86 nvidia-nvtx-cu12-12.1.105 packaging-26.3 psutil-7.0.0 pyyaml-6.0.3 regex-2026.9.10 requests-2.34.2 safetensors-0.8.0 setuptools-78.1.0 sympy-1.13.1 tokenizers-0.21.4 torch-2.5.1+cu121 tqdm-4.70.1 transformers-4.52.3 triton-3.1.0 typing-extensions-4.16.0 urllib3-2.7.0
{"ready": true, "stages": ["resolve_runtime", "source_integrity", "source_compile_import", "dependency_check", "install_missing_dependencies", "dependency_recheck", "model_acquisition", "bounded_inference"], "stage_observations": [{"name": "resolve_runtime", "start_epoch": 1789464279.0367565, "seconds": 0.03214573860168457, "passed": true, "result": {"version": [3, 12, 3], "executable": "/home/ubuntu/shimmer-secure_burst_20260915b/.venv/bin/python", "profile": "experiment", "required": ">=3.12,<3.13", "observed": [{"candidate": "/home/ubuntu/shimmer-secure_burst_20260915b/.venv/bin/python", "version": "3.12.3"}]}}, {"name": "source_integrity", "start_epoch": 1789464279.0690625, "seconds": 0.01968240737915039, "passed": true, "result": null}, {"name": "source_compile_import", "start_epoch": 1789464279.0944514, "seconds": 0.8044388294219971, "passed": true, "result": {"executable": "/home/ubuntu/shimmer-secure_burst_20260915b/.venv/bin/python", "version": [3, 12, 3], "profile": "experiment", "compiled_files": 148, "imports": ["agent_wrapper", "finding_record", "bounded_extraction", "execution_topology", "execution_scheduler", "constitution", "message_bus", "run_context", "remote_short_burst_probe"], "source_preflight_passed": true}}, {"name": "dependency_check", "start_epoch": 1789464279.8991425, "seconds": 0.061180830001831055, "passed": true, "result": {"missing": ["torch", "transformers", "tokenizers", "accelerate", "bitsandbytes", "huggingface-hub", "psutil"], "installed": {}, "dependencies_ready": false}}, {"name": "install_missing_dependencies", "start_epoch": 1789464279.960553, "seconds": 84.14973282814026, "passed": true, "result": null}, {"name": "dependency_recheck", "start_epoch": 1789464364.1106176, "seconds": 5.361217737197876, "passed": true, "result": {"missing": [], "installed": {"torch": "2.5.1+cu121", "transformers": "4.52.3", "tokenizers": "0.21.4", "accelerate": "1.10.1", "bitsandbytes": "0.48.2", "huggingface-hub": "0.36.2", "psutil": "7.0.0"}, "dependencies_ready": true}}, {"name": "model_acquisition", "start_epoch": 1789464369.4722886, "seconds": 25.15197730064392, "passed": true, "result": null}, {"name": "bounded_inference", "start_epoch": 1789464394.6246495, "seconds": 68.4931275844574, "passed": true, "result": null}], "multi_round": false, "interpreter": {"version": [3, 12, 3], "executable": "/home/ubuntu/shimmer-secure_burst_20260915b/.venv/bin/python", "profile": "experiment", "required": ">=3.12,<3.13", "observed": [{"candidate": "/home/ubuntu/shimmer-secure_burst_20260915b/.venv/bin/python", "version": "3.12.3"}]}, "source_preflight": {"executable": "/home/ubuntu/shimmer-secure_burst_20260915b/.venv/bin/python", "version": [3, 12, 3], "profile": "experiment", "compiled_files": 148, "imports": ["agent_wrapper", "finding_record", "bounded_extraction", "execution_topology", "execution_scheduler", "constitution", "message_bus", "run_context", "remote_short_burst_probe"], "source_preflight_passed": true}, "dependencies": {"missing": [], "installed": {"torch": "2.5.1+cu121", "transformers": "4.52.3", "tokenizers": "0.21.4", "accelerate": "1.10.1", "bitsandbytes": "0.48.2", "huggingface-hub": "0.36.2", "psutil": "7.0.0"}, "dependencies_ready": true}}
Fetching 9 files:   0%|          | 0/9 [00:00<?, ?it/s]Fetching 9 files:  89%|████████▉ | 8/9 [00:00<00:00, 14.16it/s]Fetching 9 files: 100%|██████████| 9/9 [00:12<00:00,  1.36s/it]
Fetching 8 files:   0%|          | 0/8 [00:00<?, ?it/s]Fetching 8 files:  88%|████████▊ | 7/8 [00:00<00:00, 53.39it/s]Fetching 8 files: 100%|██████████| 8/8 [00:06<00:00,  1.26it/s]
The following generation flags are not valid and may be ignored: ['temperature', 'top_p', 'top_k']. Set `TRANSFORMERS_VERBOSITY=info` for more details.
The following generation flags are not valid and may be ignored: ['temperature', 'top_p', 'top_k']. Set `TRANSFORMERS_VERBOSITY=info` for more details.
The following generation flags are not valid and may be ignored: ['temperature', 'top_p', 'top_k']. Set `TRANSFORMERS_VERBOSITY=info` for more details.
