usage: ordinary_final_run.py [-h] [--input-language {auto,en,tr}]
                             [--output-language {en,tr}]
                             [--agent-briefs {enabled,disabled}]
                             [--execution-topology {reference_serial,dependency_dag,report_optimized}]
                             [--topology-config TOPOLOGY_CONFIG]
                             [--multi-round]
                             [--multi-round-manifest MULTI_ROUND_MANIFEST]
                             [--activation-profile {dense,sparse}]
                             [--non-interactive] [--skip-confirmation]
                             [--max-docs MAX_DOCS] [--reset-bus]
                             [--reset-cost] [--run-objectives RUN_OBJECTIVES]
                             [--save-snapshot NAME] [--load-snapshot NAME]
                             [--reset-snapshot] [--list-snapshots]
                             [--overwrite-snapshot] [--skip-model-check]
                             [--no-redaction-override]
                             [--sensitivity-layer-inactive-override]
                             [--amendment-polish] [--output-dir OUTPUT_DIR]
                             [--mode {standalone,integrated}]
                             [--task {review,draft}] [--question QUESTION]
                             [--infer-roles]
                             [--max-concurrent-docs MAX_CONCURRENT_DOCS]
                             [--backend-profile {cloud,local}]
                             [--review-mode {wide,paired}]
                             [--pairs-per-unit PAIRS_PER_UNIT]
                             [--operator-channel {none,file}]
ordinary_final_run.py: error: Cannot establish independent cached local model families
